=== BASELINE RUN 2026-09-29T17:44:53Z ===
Detected BUILD_CMD=npx tsc -b core math ecs input rendering audio scene animation physics ui scripting project runtime editor platform jobs vfs resources graphics assets --force
Detected TEST_CMD=npx vitest run

--- git status ---
?? .eng/
?? SKILL.md
?? adapters/
?? agents/
?? config/
?? docs/adapters/
?? docs/agents/
?? docs/architecture/
?? docs/audit/v1.1-baseline.md
?? docs/audit/v1.1-final-report.md
?? docs/audit/v1.1-gap-audit.md
?? docs/audit/v1.1-implementation-audit.md
?? docs/evaluation/
?? docs/recovery/
?? docs/security/
?? docs/state-machine/
?? docs/workflows/
?? domains/
?? eng-orchestrator.LICENSE
?? references/
?? scripts/baseline.sh
?? scripts/cost_telemetry.sh
?? scripts/dep_audit.sh
?? scripts/detect_env.sh
?? scripts/eng.sh
?? scripts/event_log.sh
?? scripts/gate_check.sh
?? scripts/knowledge.sh
?? scripts/lib_run.sh
?? scripts/permission_check.sh
?? scripts/playbook_engine.sh
?? scripts/preview.sh
?? scripts/project_profile.py
?? scripts/project_profile.sh
?? scripts/receipt.sh
?? scripts/recovery.sh
?? scripts/report_lint.sh
?? scripts/run_manager.sh
?? scripts/secret_scan.sh
?? scripts/skill_registry.sh
?? scripts/state_machine.sh
?? scripts/worktree.sh
?? workflows/

EXIT_CODE=0


 RUN  v2.1.9 /home/user/obx-engine

 ✓ rendering/tests/rendering3d.test.ts (34 tests) 44ms
 ✓ graphics/tests/backends.test.ts (10 tests) 14ms
 ✓ rendering/tests/rendering.test.ts (21 tests) 19ms
 ✓ ecs/tests/ecs.test.ts (27 tests) 19ms
 ✓ graphics/tests/graphics.test.ts (11 tests) 18ms
 ✓ physics/tests/physics.test.ts (23 tests) 50ms
 ✓ math/tests/math.test.ts (30 tests) 14ms
 ✓ networking/tests/networking.test.ts (15 tests) 14ms
 ✓ core/tests/core.test.ts (29 tests) 17ms
 ✓ ai/tests/ai.test.ts (16 tests) 11ms
 ✓ editor/tests/editor.test.ts (15 tests) 12ms
 ✓ obsiscript/tests/obsiscript.test.ts (17 tests) 18ms
 ✓ assets/tests/importers.test.ts (12 tests) 10ms
 ✓ world/tests/world.test.ts (15 tests) 47ms
 ✓ scripting/tests/scripting.test.ts (11 tests) 12ms
 ✓ input/tests/input.test.ts (11 tests) 8ms
 ✓ particles/tests/particles.test.ts (11 tests) 12ms
 ✓ platform/tests/platform.test.ts (15 tests) 141ms
 ✓ assets/tests/scenes.test.ts (9 tests) 12ms
 ✓ runtime/tests/runtime.test.ts (18 tests) 64ms
 ✓ builder/tests/build.test.ts (11 tests) 12ms
 ✓ assets/tests/database.test.ts (9 tests) 12ms
 ✓ navigation/tests/navigation.test.ts (15 tests) 14ms
 ✓ jobs/tests/jobs.test.ts (15 tests) 73ms
 ✓ registry/tests/registry.test.ts (8 tests) 10ms
 ✓ resources/tests/resources.test.ts (12 tests) 9ms
 ✓ ui/tests/ui.test.ts (11 tests) 8ms
 ✓ audio/tests/audio.test.ts (14 tests) 10ms
 ✓ inventory/tests/inventory.test.ts (10 tests) 7ms
 ✓ server/tests/server.test.ts (8 tests) 10ms
 ✓ vehicle/tests/vehicle.test.ts (9 tests) 72ms
 ✓ animation/tests/animation.test.ts (12 tests) 8ms
 ✓ scene/tests/scene.test.ts (7 tests) 9ms
 ✓ native/tests/native.test.ts (8 tests) 9ms
 ✓ extensions/tests/extensions.test.ts (5 tests) 7ms
 ✓ editor/tests/scenetools.test.ts (10 tests) 9ms
 ✓ vfs/tests/vfs.test.ts (8 tests) 8ms
 ✓ editor/tests/scripteditor.test.ts (11 tests) 11ms
 ✓ plugins/tests/plugins.test.ts (8 tests) 9ms
 ✓ project/tests/project.test.ts (8 tests) 8ms
 ✓ quest/tests/quest.test.ts (8 tests) 8ms
 ✓ engine/tests/engine.test.ts (9 tests) 11ms
 ✓ editor/tests/studio.test.ts (8 tests) 13ms
 ✓ graphics/tests/shaders.test.ts (9 tests) 10ms
 ✓ cli/tests/cli.test.ts (7 tests) 11ms
 ✓ save/tests/save.test.ts (10 tests) 9ms
 ✓ editor/tests/properties.test.ts (6 tests) 6ms
 ✓ dialogue/tests/dialogue.test.ts (5 tests) 6ms
 ✓ editor/tests/browser.test.ts (6 tests) 15ms
 ✓ runtime/tests/host.test.ts (8 tests) 70ms
 ✓ character/tests/character.test.ts (5 tests) 14ms
 ✓ editor/tests/shell.test.ts (10 tests) 8ms
 ✓ vfx/tests/vfx.test.ts (9 tests) 21ms
 ✓ editor/tests/infra.test.ts (5 tests) 7ms
 ✓ multiplayer/tests/multiplayer.test.ts (4 tests) 7ms
 ✓ profiler/tests/profiler.test.ts (5 tests) 7ms
 ✓ editor/tests/hierarchy.test.ts (5 tests) 11ms
 ✓ engine/tests/stress.test.ts (4 tests) 24ms
 ✓ world/tests/advanced.test.ts (4 tests) 6ms
 ✓ tests/integration/mini-game.test.ts (1 test) 9ms
 ✓ scene/tests/mesh-renderer3d.test.ts (4 tests) 8ms
 ✓ rendering/tests/advanced.test.ts (4 tests) 6ms
 ✓ assets/tests/hotreload.test.ts (3 tests) 7ms
 ✓ ai/tests/advanced.test.ts (3 tests) 5ms
 ✓ editor/tests/project.test.ts (3 tests) 5ms
 ✓ core/tests/random.test.ts (4 tests) 54ms
 ✓ assets/tests/guid.test.ts (3 tests) 6ms

 Test Files  67 passed (67)
      Tests  701 passed (701)
   Start at  17:45:00
   Duration  15.51s (transform 1.54s, setup 0ms, collect 3.35s, tests 1.24s, environment 12ms, prepare 3.77s)

EXIT_CODE=0

=== END BASELINE ===

Baseline logs saved to .eng/artifacts/baseline.log and .eng/artifacts/baseline_*.log
