=== SECRET SCAN 2026-09-30T07:02:58Z PATH=. ===
Excluding: .git, node_modules, .eng/artifacts, dist, build, .venv, __pycache__, .next, out, target, vendor, tests
Allow list: .eng/secret_scan.allow (each entry must carry a reason)

--- Checking pattern: AKIA[0-9A-Z]{16} ---
clean

--- Checking pattern: ghp_[A-Za-z0-9]{36} ---
clean

--- Checking pattern: github_pat_ ---
ALLOWED: ./docs/architecture/project-profile.md:87:* `pattern` — the scan pattern (`github_pat_`) or a regex that matches it.
ALLOWED: ./docs/architecture/project-profile.md:95:exits 1. The point is not to hide the pattern `github_pat_` in a repository that documents
clean (after 2 documented allowance(s))

--- Checking pattern: BEGIN RSA PRIVATE KEY ---
clean

--- Checking pattern: BEGIN OPENSSH PRIVATE KEY ---
clean

--- Checking pattern: sk_live_[0-9a-zA-Z]{24} ---
clean

--- Checking pattern: xox[bpras]-[0-9a-zA-Z-]{10,} ---
clean

--- Checking pattern: password\s*=\s*['"][^'"]{3,}['"] ---
clean

--- Checking pattern: api_key\s*=\s*['"][^'"]{8,}['"] ---
clean

--- Checking pattern: SECRET_KEY\s*=\s*['"][^'"]{8,}['"] ---
clean

Allow file (reproduced in full so the log can be audited): .eng/secret_scan.allow
  - # Entry: pattern | path-substring | reason   (the reason is mandatory; see docs/architecture/project-profile.md)
  - github_pat_ | docs/architecture/project-profile.md | the document defines the pattern the allow list matches; it contains no token
  hits allowed by it: 2

--- Checking .env files presence ---

RESULT: PASS - No obvious secrets found
